// Jest Snapshot v1, https://goo.gl/fbAQLP

exports[`Pruebas en <PrimeraAPP />> debe de mostrar <PrimeraApp /> correctamente 1`] = `
<Fragment>
  <h1>
     
     
  </h1>
  <p>
     
    soy un subtitulo
     
  </p>
</Fragment>
`;
